// Jest Snapshot v1, https://goo.gl/fbAQLP

exports[`UniswapV3Pool gas tests fee is off #burn above current price burn entire position after some time passes 1`] = `57968`;

exports[`UniswapV3Pool gas tests fee is off #burn above current price burn when only position using ticks 1`] = `57968`;

exports[`UniswapV3Pool gas tests fee is off #burn above current price entire position burn but other positions are using the ticks 1`] = `87842`;

exports[`UniswapV3Pool gas tests fee is off #burn above current price partial position burn 1`] = `102842`;

exports[`UniswapV3Pool gas tests fee is off #burn around current price burn entire position after some time passes 1`] = `75205`;

exports[`UniswapV3Pool gas tests fee is off #burn around current price burn when only position using ticks 1`] = `72279`;

exports[`UniswapV3Pool gas tests fee is off #burn around current price entire position burn but other positions are using the ticks 1`] = `100661`;

exports[`UniswapV3Pool gas tests fee is off #burn around current price partial position burn 1`] = `115661`;

exports[`UniswapV3Pool gas tests fee is off #burn below current price burn entire position after some time passes 1`] = `65881`;

exports[`UniswapV3Pool gas tests fee is off #burn below current price burn when only position using ticks 1`] = `65881`;

exports[`UniswapV3Pool gas tests fee is off #burn below current price entire position burn but other positions are using the ticks 1`] = `88461`;

exports[`UniswapV3Pool gas tests fee is off #burn below current price partial position burn 1`] = `103461`;

exports[`UniswapV3Pool gas tests fee is off #collect close to worst case 1`] = `36080`;

exports[`UniswapV3Pool gas tests fee is off #increaseObservationCardinalityNext grow by 1 slot 1`] = `54410`;

exports[`UniswapV3Pool gas tests fee is off #increaseObservationCardinalityNext no op 1`] = `27992`;

exports[`UniswapV3Pool gas tests fee is off #mint above current price add to position after some time passes 1`] = `114375`;

exports[`UniswapV3Pool gas tests fee is off #mint above current price add to position existing 1`] = `114375`;

exports[`UniswapV3Pool gas tests fee is off #mint above current price new position mint first in range 1`] = `188957`;

exports[`UniswapV3Pool gas tests fee is off #mint above current price second position in same range 1`] = `131475`;

exports[`UniswapV3Pool gas tests fee is off #mint around current price add to position after some time passes 1`] = `160748`;

exports[`UniswapV3Pool gas tests fee is off #mint around current price add to position existing 1`] = `152096`;

exports[`UniswapV3Pool gas tests fee is off #mint around current price new position mint first in range 1`] = `319963`;

exports[`UniswapV3Pool gas tests fee is off #mint around current price second position in same range 1`] = `169196`;

exports[`UniswapV3Pool gas tests fee is off #mint below current price add to position after some time passes 1`] = `115453`;

exports[`UniswapV3Pool gas tests fee is off #mint below current price add to position existing 1`] = `115453`;

exports[`UniswapV3Pool gas tests fee is off #mint below current price new position mint first in range 1`] = `293601`;

exports[`UniswapV3Pool gas tests fee is off #mint below current price second position in same range 1`] = `132553`;

exports[`UniswapV3Pool gas tests fee is off #poke best case 1`] = `66402`;

exports[`UniswapV3Pool gas tests fee is off #swapExact0For1 first swap in block moves tick, no initialized crossings 1`] = `131335`;

exports[`UniswapV3Pool gas tests fee is off #swapExact0For1 first swap in block with no tick movement 1`] = `109587`;

exports[`UniswapV3Pool gas tests fee is off #swapExact0For1 first swap in block, large swap crossing a single initialized tick 1`] = `132793`;

exports[`UniswapV3Pool gas tests fee is off #swapExact0For1 first swap in block, large swap crossing several initialized ticks 1`] = `149147`;

exports[`UniswapV3Pool gas tests fee is off #swapExact0For1 first swap in block, large swap, no initialized crossings 1`] = `150803`;

exports[`UniswapV3Pool gas tests fee is off #swapExact0For1 large swap crossing several initialized ticks after some time passes (seconds outside is set) 1`] = `164147`;

exports[`UniswapV3Pool gas tests fee is off #swapExact0For1 large swap crossing several initialized ticks second time after some time passes 1`] = `224147`;

exports[`UniswapV3Pool gas tests fee is off #swapExact0For1 second swap in block moves tick, no initialized crossings 1`] = `131335`;

exports[`UniswapV3Pool gas tests fee is off #swapExact0For1 second swap in block with no tick movement 1`] = `109698`;

exports[`UniswapV3Pool gas tests fee is off #swapExact0For1 second swap in block, large swap crossing a single initialized tick 1`] = `117476`;

exports[`UniswapV3Pool gas tests fee is off #swapExact0For1 second swap in block, large swap crossing several initialized ticks 1`] = `133810`;

exports[`UniswapV3Pool gas tests fee is on #burn above current price burn entire position after some time passes 1`] = `57968`;

exports[`UniswapV3Pool gas tests fee is on #burn above current price burn when only position using ticks 1`] = `57968`;

exports[`UniswapV3Pool gas tests fee is on #burn above current price entire position burn but other positions are using the ticks 1`] = `87842`;

exports[`UniswapV3Pool gas tests fee is on #burn above current price partial position burn 1`] = `102842`;

exports[`UniswapV3Pool gas tests fee is on #burn around current price burn entire position after some time passes 1`] = `75205`;

exports[`UniswapV3Pool gas tests fee is on #burn around current price burn when only position using ticks 1`] = `72279`;

exports[`UniswapV3Pool gas tests fee is on #burn around current price entire position burn but other positions are using the ticks 1`] = `100661`;

exports[`UniswapV3Pool gas tests fee is on #burn around current price partial position burn 1`] = `115661`;

exports[`UniswapV3Pool gas tests fee is on #burn below current price burn entire position after some time passes 1`] = `65881`;

exports[`UniswapV3Pool gas tests fee is on #burn below current price burn when only position using ticks 1`] = `65881`;

exports[`UniswapV3Pool gas tests fee is on #burn below current price entire position burn but other positions are using the ticks 1`] = `88461`;

exports[`UniswapV3Pool gas tests fee is on #burn below current price partial position burn 1`] = `103461`;

exports[`UniswapV3Pool gas tests fee is on #collect close to worst case 1`] = `36080`;

exports[`UniswapV3Pool gas tests fee is on #increaseObservationCardinalityNext grow by 1 slot 1`] = `54410`;

exports[`UniswapV3Pool gas tests fee is on #increaseObservationCardinalityNext no op 1`] = `27992`;

exports[`UniswapV3Pool gas tests fee is on #mint above current price add to position after some time passes 1`] = `114375`;

exports[`UniswapV3Pool gas tests fee is on #mint above current price add to position existing 1`] = `114375`;

exports[`UniswapV3Pool gas tests fee is on #mint above current price new position mint first in range 1`] = `188957`;

exports[`UniswapV3Pool gas tests fee is on #mint above current price second position in same range 1`] = `131475`;

exports[`UniswapV3Pool gas tests fee is on #mint around current price add to position after some time passes 1`] = `160748`;

exports[`UniswapV3Pool gas tests fee is on #mint around current price add to position existing 1`] = `152096`;

exports[`UniswapV3Pool gas tests fee is on #mint around current price new position mint first in range 1`] = `319963`;

exports[`UniswapV3Pool gas tests fee is on #mint around current price second position in same range 1`] = `169196`;

exports[`UniswapV3Pool gas tests fee is on #mint below current price add to position after some time passes 1`] = `115453`;

exports[`UniswapV3Pool gas tests fee is on #mint below current price add to position existing 1`] = `115453`;

exports[`UniswapV3Pool gas tests fee is on #mint below current price new position mint first in range 1`] = `293601`;

exports[`UniswapV3Pool gas tests fee is on #mint below current price second position in same range 1`] = `132553`;

exports[`UniswapV3Pool gas tests fee is on #poke best case 1`] = `66402`;

exports[`UniswapV3Pool gas tests fee is on #swapExact0For1 first swap in block moves tick, no initialized crossings 1`] = `136722`;

exports[`UniswapV3Pool gas tests fee is on #swapExact0For1 first swap in block with no tick movement 1`] = `114827`;

exports[`UniswapV3Pool gas tests fee is on #swapExact0For1 first swap in block, large swap crossing a single initialized tick 1`] = `138327`;

exports[`UniswapV3Pool gas tests fee is on #swapExact0For1 first swap in block, large swap crossing several initialized ticks 1`] = `155122`;

exports[`UniswapV3Pool gas tests fee is on #swapExact0For1 first swap in block, large swap, no initialized crossings 1`] = `156484`;

exports[`UniswapV3Pool gas tests fee is on #swapExact0For1 large swap crossing several initialized ticks after some time passes (seconds outside is set) 1`] = `170122`;

exports[`UniswapV3Pool gas tests fee is on #swapExact0For1 large swap crossing several initialized ticks second time after some time passes 1`] = `230122`;

exports[`UniswapV3Pool gas tests fee is on #swapExact0For1 second swap in block moves tick, no initialized crossings 1`] = `136722`;

exports[`UniswapV3Pool gas tests fee is on #swapExact0For1 second swap in block with no tick movement 1`] = `114938`;

exports[`UniswapV3Pool gas tests fee is on #swapExact0For1 second swap in block, large swap crossing a single initialized tick 1`] = `122863`;

exports[`UniswapV3Pool gas tests fee is on #swapExact0For1 second swap in block, large swap crossing several initialized ticks 1`] = `139638`;
